
   WARN  Metadata found in doc-comment for method Tests\Feature\AuthTest::customer_can_register_successfully(). Metadata in doc-comments is deprecated and will no longer be supported in PHPUnit 12. Update your test code to use attributes instead.

   WARN  Metadata found in doc-comment for method Tests\Feature\AuthTest::register_validation_fails_with_invalid_data(). Metadata in doc-comments is deprecated and will no longer be supported in PHPUnit 12. Update your test code to use attributes instead.

   WARN  Metadata found in doc-comment for method Tests\Feature\AuthTest::user_can_login_with_valid_credentials(). Metadata in doc-comments is deprecated and will no longer be supported in PHPUnit 12. Update your test code to use attributes instead.

   WARN  Metadata found in doc-comment for method Tests\Feature\AuthTest::login_fails_with_invalid_credentials(). Metadata in doc-comments is deprecated and will no longer be supported in PHPUnit 12. Update your test code to use attributes instead.

   WARN  Metadata found in doc-comment for method Tests\Feature\AuthTest::customer_cannot_access_owner_endpoint(). Metadata in doc-comments is deprecated and will no longer be supported in PHPUnit 12. Update your test code to use attributes instead.

   WARN  Class RegistrationTest cannot be found in D:\Xampp\htdocs\db-clarista\tests\Feature\Auth\RegistrationTest.php

   WARN  Metadata found in doc-comment for method Tests\Feature\AuthenticationTest::user_can_register_as_customer(). Metadata in doc-comments is deprecated and will no longer be supported in PHPUnit 12. Update your test code to use attributes instead.

   WARN  Metadata found in doc-comment for method Tests\Feature\AuthenticationTest::registration_requires_valid_email(). Metadata in doc-comments is deprecated and will no longer be supported in PHPUnit 12. Update your test code to use attributes instead.

   WARN  Metadata found in doc-comment for method Tests\Feature\AuthenticationTest::registration_requires_unique_email(). Metadata in doc-comments is deprecated and will no longer be supported in PHPUnit 12. Update your test code to use attributes instead.

   WARN  Metadata found in doc-comment for method Tests\Feature\AuthenticationTest::user_can_login_with_valid_credentials(). Metadata in doc-comments is deprecated and will no longer be supported in PHPUnit 12. Update your test code to use attributes instead.

   WARN  Metadata found in doc-comment for method Tests\Feature\AuthenticationTest::user_cannot_login_with_invalid_credentials(). Metadata in doc-comments is deprecated and will no longer be supported in PHPUnit 12. Update your test code to use attributes instead.

   WARN  Metadata found in doc-comment for method Tests\Feature\AuthenticationTest::authenticated_user_can_get_their_info(). Metadata in doc-comments is deprecated and will no longer be supported in PHPUnit 12. Update your test code to use attributes instead.

   WARN  Metadata found in doc-comment for method Tests\Feature\AuthenticationTest::unauthenticated_user_cannot_access_protected_routes(). Metadata in doc-comments is deprecated and will no longer be supported in PHPUnit 12. Update your test code to use attributes instead.

   WARN  Metadata found in doc-comment for method Tests\Feature\AuthenticationTest::user_can_logout(). Metadata in doc-comments is deprecated and will no longer be supported in PHPUnit 12. Update your test code to use attributes instead.

   WARN  Metadata found in doc-comment for method Tests\Feature\AuthenticationTest::customer_cannot_access_owner_routes(). Metadata in doc-comments is deprecated and will no longer be supported in PHPUnit 12. Update your test code to use attributes instead.

   WARN  Metadata found in doc-comment for method Tests\Feature\AuthenticationTest::owner_can_access_owner_routes(). Metadata in doc-comments is deprecated and will no longer be supported in PHPUnit 12. Update your test code to use attributes instead.

   WARN  Metadata found in doc-comment for method Tests\Feature\BookingTest::customer_can_check_room_availability(). Metadata in doc-comments is deprecated and will no longer be supported in PHPUnit 12. Update your test code to use attributes instead.

   WARN  Metadata found in doc-comment for method Tests\Feature\BookingTest::customer_can_create_booking(). Metadata in doc-comments is deprecated and will no longer be supported in PHPUnit 12. Update your test code to use attributes instead.

   WARN  Metadata found in doc-comment for method Tests\Feature\BookingTest::booking_calculates_total_correctly(). Metadata in doc-comments is deprecated and will no longer be supported in PHPUnit 12. Update your test code to use attributes instead.

   WARN  Metadata found in doc-comment for method Tests\Feature\BookingTest::booking_with_promo_applies_discount(). Metadata in doc-comments is deprecated and will no longer be supported in PHPUnit 12. Update your test code to use attributes instead.

   WARN  Metadata found in doc-comment for method Tests\Feature\BookingTest::cannot_book_if_rooms_not_available(). Metadata in doc-comments is deprecated and will no longer be supported in PHPUnit 12. Update your test code to use attributes instead.

   WARN  Metadata found in doc-comment for method Tests\Feature\BookingTest::customer_can_cancel_their_booking(). Metadata in doc-comments is deprecated and will no longer be supported in PHPUnit 12. Update your test code to use attributes instead.

   WARN  Metadata found in doc-comment for method Tests\Feature\BookingTest::customer_cannot_cancel_confirmed_booking(). Metadata in doc-comments is deprecated and will no longer be supported in PHPUnit 12. Update your test code to use attributes instead.

   WARN  Metadata found in doc-comment for method Tests\Feature\BookingTest::customer_can_only_view_their_own_bookings(). Metadata in doc-comments is deprecated and will no longer be supported in PHPUnit 12. Update your test code to use attributes instead.

   WARN  Metadata found in doc-comment for method Tests\Feature\BookingTest::owner_can_view_all_bookings(). Metadata in doc-comments is deprecated and will no longer be supported in PHPUnit 12. Update your test code to use attributes instead.

   WARN  Metadata found in doc-comment for method Tests\Feature\BookingTest::owner_can_cancel_booking_with_reason(). Metadata in doc-comments is deprecated and will no longer be supported in PHPUnit 12. Update your test code to use attributes instead.

   WARN  Metadata found in doc-comment for method Tests\Feature\BookingTransactionTest::customer_can_create_booking_successfully_happy_path(). Metadata in doc-comments is deprecated and will no longer be supported in PHPUnit 12. Update your test code to use attributes instead.

   WARN  Metadata found in doc-comment for method Tests\Feature\BookingTransactionTest::booking_fails_when_stock_insufficient_unhappy_path(). Metadata in doc-comments is deprecated and will no longer be supported in PHPUnit 12. Update your test code to use attributes instead.

   WARN  Metadata found in doc-comment for method Tests\Feature\BookingTransactionTest::booking_validation_dates_logic(). Metadata in doc-comments is deprecated and will no longer be supported in PHPUnit 12. Update your test code to use attributes instead.

   WARN  Metadata found in doc-comment for method Tests\Feature\CheckInOutTest::owner_can_check_in_guest(). Metadata in doc-comments is deprecated and will no longer be supported in PHPUnit 12. Update your test code to use attributes instead.

   WARN  Metadata found in doc-comment for method Tests\Feature\CheckInOutTest::owner_can_check_out_guest(). Metadata in doc-comments is deprecated and will no longer be supported in PHPUnit 12. Update your test code to use attributes instead.

   WARN  Metadata found in doc-comment for method Tests\Feature\CheckInOutTest::booking_status_changes_to_selesai_when_all_units_checked_out(). Metadata in doc-comments is deprecated and will no longer be supported in PHPUnit 12. Update your test code to use attributes instead.

   WARN  Metadata found in doc-comment for method Tests\Feature\CheckInOutTest::cannot_check_in_twice(). Metadata in doc-comments is deprecated and will no longer be supported in PHPUnit 12. Update your test code to use attributes instead.

   WARN  Metadata found in doc-comment for method Tests\Feature\CheckInOutTest::cannot_check_out_before_check_in(). Metadata in doc-comments is deprecated and will no longer be supported in PHPUnit 12. Update your test code to use attributes instead.

   WARN  Metadata found in doc-comment for method Tests\Feature\CheckInOutTest::customer_cannot_check_in_guests(). Metadata in doc-comments is deprecated and will no longer be supported in PHPUnit 12. Update your test code to use attributes instead.

   WARN  Metadata found in doc-comment for method Tests\Feature\CheckInOutTest::unit_status_can_be_changed_to_available_after_maintenance(). Metadata in doc-comments is deprecated and will no longer be supported in PHPUnit 12. Update your test code to use attributes instead.

   WARN  Metadata found in doc-comment for method Tests\Feature\Console\DeactivateExpiredPromosTest::it_deactivates_expired_promos(). Metadata in doc-comments is deprecated and will no longer be supported in PHPUnit 12. Update your test code to use attributes instead.

   WARN  Metadata found in doc-comment for method Tests\Feature\DebugAvailabilityTest::debug_availability_logic(). Metadata in doc-comments is deprecated and will no longer be supported in PHPUnit 12. Update your test code to use attributes instead.

   WARN  Metadata found in doc-comment for method Tests\Feature\ExpiredBookingTest::expired_booking_is_auto_cancelled(). Metadata in doc-comments is deprecated and will no longer be supported in PHPUnit 12. Update your test code to use attributes instead.

   WARN  Metadata found in doc-comment for method Tests\Feature\ExpiredBookingTest::expired_booking_with_promo_releases_quota(). Metadata in doc-comments is deprecated and will no longer be supported in PHPUnit 12. Update your test code to use attributes instead.

   WARN  Metadata found in doc-comment for method Tests\Feature\ExpiredBookingTest::non_expired_booking_is_not_cancelled(). Metadata in doc-comments is deprecated and will no longer be supported in PHPUnit 12. Update your test code to use attributes instead.

   WARN  Metadata found in doc-comment for method Tests\Feature\ExpiredBookingTest::confirmed_booking_is_not_cancelled_even_if_expired(). Metadata in doc-comments is deprecated and will no longer be supported in PHPUnit 12. Update your test code to use attributes instead.

   WARN  Metadata found in doc-comment for method Tests\Feature\ExpiredBookingTest::multiple_expired_bookings_are_all_cancelled(). Metadata in doc-comments is deprecated and will no longer be supported in PHPUnit 12. Update your test code to use attributes instead.

   WARN  Metadata found in doc-comment for method Tests\Feature\ExpiredBookingTest::cancelled_booking_releases_room_units(). Metadata in doc-comments is deprecated and will no longer be supported in PHPUnit 12. Update your test code to use attributes instead.

   WARN  Metadata found in doc-comment for method Tests\Feature\KamarAvailabilityTest::check_availability_returns_correct_remaining_stock(). Metadata in doc-comments is deprecated and will no longer be supported in PHPUnit 12. Update your test code to use attributes instead.

   WARN  Metadata found in doc-comment for method Tests\Feature\KamarAvailabilityTest::availability_check_ignores_cancelled_bookings(). Metadata in doc-comments is deprecated and will no longer be supported in PHPUnit 12. Update your test code to use attributes instead.

   WARN  Metadata found in doc-comment for method Tests\Feature\PaymentTest::customer_can_upload_payment_proof(). Metadata in doc-comments is deprecated and will no longer be supported in PHPUnit 12. Update your test code to use attributes instead.

   WARN  Metadata found in doc-comment for method Tests\Feature\PaymentTest::payment_amount_must_match_total(). Metadata in doc-comments is deprecated and will no longer be supported in PHPUnit 12. Update your test code to use attributes instead.

   WARN  Metadata found in doc-comment for method Tests\Feature\PaymentTest::payment_proof_must_be_image(). Metadata in doc-comments is deprecated and will no longer be supported in PHPUnit 12. Update your test code to use attributes instead.

   WARN  Metadata found in doc-comment for method Tests\Feature\PaymentTest::cannot_upload_payment_for_confirmed_booking(). Metadata in doc-comments is deprecated and will no longer be supported in PHPUnit 12. Update your test code to use attributes instead.

   WARN  Metadata found in doc-comment for method Tests\Feature\PaymentTest::owner_can_view_pending_payments(). Metadata in doc-comments is deprecated and will no longer be supported in PHPUnit 12. Update your test code to use attributes instead.

   WARN  Metadata found in doc-comment for method Tests\Feature\PaymentTest::owner_can_verify_payment(). Metadata in doc-comments is deprecated and will no longer be supported in PHPUnit 12. Update your test code to use attributes instead.

   WARN  Metadata found in doc-comment for method Tests\Feature\PaymentTest::owner_can_reject_payment(). Metadata in doc-comments is deprecated and will no longer be supported in PHPUnit 12. Update your test code to use attributes instead.

   WARN  Metadata found in doc-comment for method Tests\Feature\PaymentTest::customer_cannot_upload_payment_for_other_users_booking(). Metadata in doc-comments is deprecated and will no longer be supported in PHPUnit 12. Update your test code to use attributes instead.

   WARN  Metadata found in doc-comment for method Tests\Feature\PemesananServiceTest::service_can_cancel_booking_by_customer(). Metadata in doc-comments is deprecated and will no longer be supported in PHPUnit 12. Update your test code to use attributes instead.

   WARN  Metadata found in doc-comment for method Tests\Feature\PemesananServiceTest::service_can_cancel_booking_by_owner(). Metadata in doc-comments is deprecated and will no longer be supported in PHPUnit 12. Update your test code to use attributes instead.

   WARN  Metadata found in doc-comment for method Tests\Feature\PemesananServiceTest::service_can_cancel_booking_by_system(). Metadata in doc-comments is deprecated and will no longer be supported in PHPUnit 12. Update your test code to use attributes instead.

   WARN  Metadata found in doc-comment for method Tests\Feature\PemesananServiceTest::service_cancels_all_penempatan_kamars(). Metadata in doc-comments is deprecated and will no longer be supported in PHPUnit 12. Update your test code to use attributes instead.

   WARN  Metadata found in doc-comment for method Tests\Feature\PemesananServiceTest::service_cancels_penempatan_with_correct_actor(). Metadata in doc-comments is deprecated and will no longer be supported in PHPUnit 12. Update your test code to use attributes instead.

   WARN  Metadata found in doc-comment for method Tests\Feature\PemesananServiceTest::service_releases_promo_quota_on_cancel(). Metadata in doc-comments is deprecated and will no longer be supported in PHPUnit 12. Update your test code to use attributes instead.

   WARN  Metadata found in doc-comment for method Tests\Feature\PemesananServiceTest::service_does_not_change_promo_when_no_promo_used(). Metadata in doc-comments is deprecated and will no longer be supported in PHPUnit 12. Update your test code to use attributes instead.

   WARN  Metadata found in doc-comment for method Tests\Feature\PemesananServiceTest::service_sends_email_when_flag_is_true(). Metadata in doc-comments is deprecated and will no longer be supported in PHPUnit 12. Update your test code to use attributes instead.

   WARN  Metadata found in doc-comment for method Tests\Feature\PemesananServiceTest::service_does_not_send_email_when_flag_is_false(). Metadata in doc-comments is deprecated and will no longer be supported in PHPUnit 12. Update your test code to use attributes instead.

   WARN  Metadata found in doc-comment for method Tests\Feature\PemesananServiceTest::service_does_not_send_email_when_user_is_missing(). Metadata in doc-comments is deprecated and will no longer be supported in PHPUnit 12. Update your test code to use attributes instead.

   WARN  Metadata found in doc-comment for method Tests\Feature\PemesananServiceTest::service_returns_refreshed_pemesanan(). Metadata in doc-comments is deprecated and will no longer be supported in PHPUnit 12. Update your test code to use attributes instead.

   WARN  Metadata found in doc-comment for method Tests\Feature\PemesananServiceTest::service_cancels_booking_with_multiple_detail_pemesanans(). Metadata in doc-comments is deprecated and will no longer be supported in PHPUnit 12. Update your test code to use attributes instead.

   WARN  Metadata found in doc-comment for method Tests\Feature\PemesananServiceTest::api_customer_cancel_success(). Metadata in doc-comments is deprecated and will no longer be supported in PHPUnit 12. Update your test code to use attributes instead.

   WARN  Metadata found in doc-comment for method Tests\Feature\PemesananServiceTest::api_customer_cannot_cancel_others_booking(). Metadata in doc-comments is deprecated and will no longer be supported in PHPUnit 12. Update your test code to use attributes instead.

   WARN  Metadata found in doc-comment for method Tests\Feature\PemesananServiceTest::api_customer_cannot_cancel_confirmed_booking(). Metadata in doc-comments is deprecated and will no longer be supported in PHPUnit 12. Update your test code to use attributes instead.

   WARN  Metadata found in doc-comment for method Tests\Feature\PemesananServiceTest::api_customer_cannot_cancel_completed_booking(). Metadata in doc-comments is deprecated and will no longer be supported in PHPUnit 12. Update your test code to use attributes instead.

   WARN  Metadata found in doc-comment for method Tests\Feature\PemesananServiceTest::api_customer_cannot_cancel_already_cancelled_booking(). Metadata in doc-comments is deprecated and will no longer be supported in PHPUnit 12. Update your test code to use attributes instead.

   WARN  Metadata found in doc-comment for method Tests\Feature\PemesananServiceTest::api_owner_cancel_with_valid_reason(). Metadata in doc-comments is deprecated and will no longer be supported in PHPUnit 12. Update your test code to use attributes instead.

   WARN  Metadata found in doc-comment for method Tests\Feature\PemesananServiceTest::api_owner_cancel_requires_reason(). Metadata in doc-comments is deprecated and will no longer be supported in PHPUnit 12. Update your test code to use attributes instead.

   WARN  Metadata found in doc-comment for method Tests\Feature\PemesananServiceTest::api_owner_cancel_reason_min_10_chars(). Metadata in doc-comments is deprecated and will no longer be supported in PHPUnit 12. Update your test code to use attributes instead.

   WARN  Metadata found in doc-comment for method Tests\Feature\PemesananServiceTest::api_owner_cannot_cancel_completed_booking(). Metadata in doc-comments is deprecated and will no longer be supported in PHPUnit 12. Update your test code to use attributes instead.

   WARN  Metadata found in doc-comment for method Tests\Feature\PemesananServiceTest::api_owner_cannot_cancel_already_cancelled_booking(). Metadata in doc-comments is deprecated and will no longer be supported in PHPUnit 12. Update your test code to use attributes instead.

   WARN  Metadata found in doc-comment for method Tests\Feature\PemesananServiceTest::api_owner_can_cancel_pending_payment_booking(). Metadata in doc-comments is deprecated and will no longer be supported in PHPUnit 12. Update your test code to use attributes instead.

   WARN  Metadata found in doc-comment for method Tests\Feature\PemesananServiceTest::api_customer_cancel_releases_promo_quota(). Metadata in doc-comments is deprecated and will no longer be supported in PHPUnit 12. Update your test code to use attributes instead.

   WARN  Metadata found in doc-comment for method Tests\Feature\PemesananServiceTest::api_customer_cancel_updates_penempatan_status(). Metadata in doc-comments is deprecated and will no longer be supported in PHPUnit 12. Update your test code to use attributes instead.

   WARN  Metadata found in doc-comment for method Tests\Feature\PemesananServiceTest::api_unauthenticated_user_cannot_cancel(). Metadata in doc-comments is deprecated and will no longer be supported in PHPUnit 12. Update your test code to use attributes instead.

   WARN  Class ProfileTest cannot be found in D:\Xampp\htdocs\db-clarista\tests\Feature\ProfileTest.php

   WARN  Metadata found in doc-comment for method Tests\Feature\PromoTest::can_validate_active_promo(). Metadata in doc-comments is deprecated and will no longer be supported in PHPUnit 12. Update your test code to use attributes instead.

   WARN  Metadata found in doc-comment for method Tests\Feature\PromoTest::cannot_use_expired_promo(). Metadata in doc-comments is deprecated and will no longer be supported in PHPUnit 12. Update your test code to use attributes instead.

   WARN  Metadata found in doc-comment for method Tests\Feature\PromoTest::cannot_use_inactive_promo(). Metadata in doc-comments is deprecated and will no longer be supported in PHPUnit 12. Update your test code to use attributes instead.

   WARN  Metadata found in doc-comment for method Tests\Feature\PromoTest::cannot_use_promo_with_insufficient_transaction(). Metadata in doc-comments is deprecated and will no longer be supported in PHPUnit 12. Update your test code to use attributes instead.

   WARN  Metadata found in doc-comment for method Tests\Feature\PromoTest::cannot_use_promo_with_full_quota(). Metadata in doc-comments is deprecated and will no longer be supported in PHPUnit 12. Update your test code to use attributes instead.

   WARN  Metadata found in doc-comment for method Tests\Feature\PromoTest::percentage_promo_calculates_correctly(). Metadata in doc-comments is deprecated and will no longer be supported in PHPUnit 12. Update your test code to use attributes instead.

   WARN  Metadata found in doc-comment for method Tests\Feature\PromoTest::promo_with_unlimited_quota_always_available(). Metadata in doc-comments is deprecated and will no longer be supported in PHPUnit 12. Update your test code to use attributes instead.

   WARN  Metadata found in doc-comment for method Tests\Feature\ReviewTest::customer_can_create_review_for_completed_booking(). Metadata in doc-comments is deprecated and will no longer be supported in PHPUnit 12. Update your test code to use attributes instead.

   WARN  Metadata found in doc-comment for method Tests\Feature\ReviewTest::cannot_review_non_completed_booking(). Metadata in doc-comments is deprecated and will no longer be supported in PHPUnit 12. Update your test code to use attributes instead.

   WARN  Metadata found in doc-comment for method Tests\Feature\ReviewTest::cannot_review_same_booking_twice(). Metadata in doc-comments is deprecated and will no longer be supported in PHPUnit 12. Update your test code to use attributes instead.

   WARN  Metadata found in doc-comment for method Tests\Feature\ReviewTest::rating_must_be_between_1_and_5(). Metadata in doc-comments is deprecated and will no longer be supported in PHPUnit 12. Update your test code to use attributes instead.

   WARN  Metadata found in doc-comment for method Tests\Feature\ReviewTest::can_get_approved_reviews(). Metadata in doc-comments is deprecated and will no longer be supported in PHPUnit 12. Update your test code to use attributes instead.

   WARN  Metadata found in doc-comment for method Tests\Feature\ReviewTest::owner_can_approve_review(). Metadata in doc-comments is deprecated and will no longer be supported in PHPUnit 12. Update your test code to use attributes instead.

   WARN  Metadata found in doc-comment for method Tests\Feature\ReviewTest::owner_can_hide_review(). Metadata in doc-comments is deprecated and will no longer be supported in PHPUnit 12. Update your test code to use attributes instead.

   WARN  Metadata found in doc-comment for method Tests\Feature\ReviewTest::customer_cannot_moderate_reviews(). Metadata in doc-comments is deprecated and will no longer be supported in PHPUnit 12. Update your test code to use attributes instead.

   FAIL  Tests\Feature\PemesananServiceTest
  Γ£ô service canΓÇª 0.92s  
  Γ£ô service canΓÇª 0.06s  
  Γ£ô service canΓÇª 0.07s  
  Γ£ô service canΓÇª 0.06s  
  Γ£ô service canΓÇª 0.06s  
  Γ£ô service relΓÇª 0.05s  
  Γ£ô service doeΓÇª 0.05s  
  Γ£ô service senΓÇª 0.06s  
  Γ£ô service doeΓÇª 0.04s  
  Γ¿» service doeΓÇª 0.07s  
  Γ£ô service retΓÇª 0.04s  
  Γ£ô service canΓÇª 0.06s  
  Γ£ô api customeΓÇª 0.11s  
  Γ£ô api customeΓÇª 0.05s  
  Γ£ô api customeΓÇª 0.05s  
  Γ£ô api customeΓÇª 0.05s  
  Γ£ô api customeΓÇª 0.06s  
  Γ£ô api owner cΓÇª 0.09s  
  Γ£ô api owner cΓÇª 0.06s  
  Γ£ô api owner cΓÇª 0.06s  
  Γ£ô api owner cΓÇª 0.07s  
  Γ£ô api owner cΓÇª 0.08s  
  Γ£ô api owner cΓÇª 0.08s  
  Γ£ô api customeΓÇª 0.07s  
  Γ£ô api customeΓÇª 0.05s  
  Γ£ô api unautheΓÇª 0.05s  
  ΓöÇΓöÇΓöÇΓöÇΓöÇΓöÇΓöÇΓöÇΓöÇΓöÇΓöÇΓöÇΓöÇΓöÇΓöÇΓöÇΓöÇΓöÇΓöÇΓöÇ  
   FΓÇª  QueryException   
  SQLSTATE[23000]: Integrity constraint violation: 19 FOREIGN KEY constraint failed (Connection: sqlite, SQL: delete from "users" where "id" = 01khs035yw4f2v9js9jfefkh8x)

  at vendor\laravel\framework\src\Illuminate\Database\Connection.php:822
    818Γûò                     $this->getName(), $query, $this->prepareBindings($bindings), $e
    819Γûò                 );
    820Γûò             }
    821Γûò 
  Γ₧£ 822Γûò             throw new QueryException(
    823Γûò                 $this->getName(), $query, $this->prepareBindings($bindings), $e
    824Γûò             );
    825Γûò         }
    826Γûò     }

  1   vendor\laravel\framework\src\Illuminate\Database\Connection.php:822

  2   vendor\laravel\framework\src\Illuminate\Database\Connection.php:593
      NunoMaduro\Collision\Exceptions\TestException::("SQLSTATE[23000]: Integrity constraint violation: 19 FOREIGN KEY constraint failed")


  Tests:    1 failed, 25 passed (48 assertions)
  Duration: 2.81s

